src/pages/Home.tsx(6,10): error TS6133: 'Loader2' is declared but its value is never read.
src/pages/VNDetails.tsx(15,3): error TS6133: 'BarChart2' is declared but its value is never read.
src/pages/VNDetails.tsx(15,46): error TS6133: 'Mic2' is declared but its value is never read.
src/pages/VNDetails.tsx(15,52): error TS6133: 'Shield' is declared but its value is never read.
src/pages/VNDetails.tsx(48,7): error TS6133: 'PLAT_META' is declared but its value is never read.
src/pages/VNDetails.tsx(78,7): error TS6133: 'EXT_ICONS' is declared but its value is never read.
src/pages/VNDetails.tsx(173,14): error TS2339: Property 'localeCompare' does not exist on type 'unknown'.
src/pages/VNDetails.tsx(221,36): error TS2538: Type 'unknown' cannot be used as an index type.
src/pages/VNDetails.tsx(232,73): error TS2339: Property 'toUpperCase' does not exist on type 'unknown'.
src/pages/VNDetails.tsx(233,51): error TS2339: Property 'toUpperCase' does not exist on type 'unknown'.
